21:55:38 **** Incremental Build of configuration Debug for project test ****
make all 
Building file: ../Libraries/CMSIS/core_cm3.c
Invoking: Cross ARM C Compiler
arm-none-eabi-gcc -mcpu=cortex-m3 -mthumb -mlittle-endian -Og -fmessage-length=0 -fsigned-char -ffunction-sections -fdata-sections -ffreestanding -fno-move-loop-invariants -Wall -Wextra  -g3 -DSTM32F10X_MD -DUSE_STDPERIPH_DRIVER -I/home/maksyuki/workspace/test/System/System_Battery -I/home/maksyuki/workspace/test/System/System_Led -I/home/maksyuki/workspace/test/System/System_MPU6050 -I/home/maksyuki/workspace/test/System/System_MS5611 -I/home/maksyuki/workspace/test/System/System_NRF24L01 -I/home/maksyuki/workspace/test/System/System_RPData -I/home/maksyuki/workspace/test/Drivers/Driver_Delay -I/home/maksyuki/workspace/test/Drivers/Driver_EEPROM -I/home/maksyuki/workspace/test/Drivers/Driver_Flash -I/home/maksyuki/workspace/test/Drivers/Driver_IIC -I/home/maksyuki/workspace/test/Drivers/Driver_PWM -I/home/maksyuki/workspace/test/Drivers/Driver_SPI -I/home/maksyuki/workspace/test/Drivers/Driver_Sys -I/home/maksyuki/workspace/test/Drivers/Driver_Tim -I/home/maksyuki/workspace/test/Drivers/Driver_USART -I/home/maksyuki/workspace/test/Algorithm/Algorithm_BAR -I/home/maksyuki/workspace/test/Algorithm/Algorithm_Control -I/home/maksyuki/workspace/test/Algorithm/Algorithm_Filter -I/home/maksyuki/workspace/test/Algorithm/Algorithm_IMU -I/home/maksyuki/workspace/test/Libraries/FWLib/inc -I/home/maksyuki/workspace/test/Libraries/CMSIS -I/home/maksyuki/workspace/test/User -std=gnu11 -MMD -MP -MF"Libraries/CMSIS/core_cm3.d" -MT"Libraries/CMSIS/core_cm3.o" -c -o "Libraries/CMSIS/core_cm3.o" "../Libraries/CMSIS/core_cm3.c"
Finished building: ../Libraries/CMSIS/core_cm3.c
 
Building file: ../Libraries/CMSIS/system_stm32f10x.c
Invoking: Cross ARM C Compiler
arm-none-eabi-gcc -mcpu=cortex-m3 -mthumb -mlittle-endian -Og -fmessage-length=0 -fsigned-char -ffunction-sections -fdata-sections -ffreestanding -fno-move-loop-invariants -Wall -Wextra  -g3 -DSTM32F10X_MD -DUSE_STDPERIPH_DRIVER -I/home/maksyuki/workspace/test/System/System_Battery -I/home/maksyuki/workspace/test/System/System_Led -I/home/maksyuki/workspace/test/System/System_MPU6050 -I/home/maksyuki/workspace/test/System/System_MS5611 -I/home/maksyuki/workspace/test/System/System_NRF24L01 -I/home/maksyuki/workspace/test/System/System_RPData -I/home/maksyuki/workspace/test/Drivers/Driver_Delay -I/home/maksyuki/workspace/test/Drivers/Driver_EEPROM -I/home/maksyuki/workspace/test/Drivers/Driver_Flash -I/home/maksyuki/workspace/test/Drivers/Driver_IIC -I/home/maksyuki/workspace/test/Drivers/Driver_PWM -I/home/maksyuki/workspace/test/Drivers/Driver_SPI -I/home/maksyuki/workspace/test/Drivers/Driver_Sys -I/home/maksyuki/workspace/test/Drivers/Driver_Tim -I/home/maksyuki/workspace/test/Drivers/Driver_USART -I/home/maksyuki/workspace/test/Algorithm/Algorithm_BAR -I/home/maksyuki/workspace/test/Algorithm/Algorithm_Control -I/home/maksyuki/workspace/test/Algorithm/Algorithm_Filter -I/home/maksyuki/workspace/test/Algorithm/Algorithm_IMU -I/home/maksyuki/workspace/test/Libraries/FWLib/inc -I/home/maksyuki/workspace/test/Libraries/CMSIS -I/home/maksyuki/workspace/test/User -std=gnu11 -MMD -MP -MF"Libraries/CMSIS/system_stm32f10x.d" -MT"Libraries/CMSIS/system_stm32f10x.o" -c -o "Libraries/CMSIS/system_stm32f10x.o" "../Libraries/CMSIS/system_stm32f10x.c"
Finished building: ../Libraries/CMSIS/system_stm32f10x.c
 
Building file: ../Drivers/Driver_USART/stm32f10x_driver_usart.c
Invoking: Cross ARM C Compiler
arm-none-eabi-gcc -mcpu=cortex-m3 -mthumb -mlittle-endian -Og -fmessage-length=0 -fsigned-char -ffunction-sections -fdata-sections -ffreestanding -fno-move-loop-invariants -Wall -Wextra  -g3 -DSTM32F10X_MD -DUSE_STDPERIPH_DRIVER -I/home/maksyuki/workspace/test/System/System_Battery -I/home/maksyuki/workspace/test/System/System_Led -I/home/maksyuki/workspace/test/System/System_MPU6050 -I/home/maksyuki/workspace/test/System/System_MS5611 -I/home/maksyuki/workspace/test/System/System_NRF24L01 -I/home/maksyuki/workspace/test/System/System_RPData -I/home/maksyuki/workspace/test/Drivers/Driver_Delay -I/home/maksyuki/workspace/test/Drivers/Driver_EEPROM -I/home/maksyuki/workspace/test/Drivers/Driver_Flash -I/home/maksyuki/workspace/test/Drivers/Driver_IIC -I/home/maksyuki/workspace/test/Drivers/Driver_PWM -I/home/maksyuki/workspace/test/Drivers/Driver_SPI -I/home/maksyuki/workspace/test/Drivers/Driver_Sys -I/home/maksyuki/workspace/test/Drivers/Driver_Tim -I/home/maksyuki/workspace/test/Drivers/Driver_USART -I/home/maksyuki/workspace/test/Algorithm/Algorithm_BAR -I/home/maksyuki/workspace/test/Algorithm/Algorithm_Control -I/home/maksyuki/workspace/test/Algorithm/Algorithm_Filter -I/home/maksyuki/workspace/test/Algorithm/Algorithm_IMU -I/home/maksyuki/workspace/test/Libraries/FWLib/inc -I/home/maksyuki/workspace/test/Libraries/CMSIS -I/home/maksyuki/workspace/test/User -std=gnu11 -MMD -MP -MF"Drivers/Driver_USART/stm32f10x_driver_usart.d" -MT"Drivers/Driver_USART/stm32f10x_driver_usart.o" -c -o "Drivers/Driver_USART/stm32f10x_driver_usart.o" "../Drivers/Driver_USART/stm32f10x_driver_usart.c"
../Drivers/Driver_USART/stm32f10x_driver_usart.c:20:0: warning: ignoring #pragma import  [-Wunknown-pragmas]
 #pragma import(__use_no_semihosting)
 ^
../Drivers/Driver_USART/stm32f10x_driver_usart.c:31:1: warning: return type defaults to 'int' [-Wimplicit-int]
 _sys_exit(int x)
 ^
../Drivers/Driver_USART/stm32f10x_driver_usart.c: In function 'fputc':
../Drivers/Driver_USART/stm32f10x_driver_usart.c:37:25: warning: unused parameter 'f' [-Wunused-parameter]
 int fputc(int ch, FILE *f)
                         ^
../Drivers/Driver_USART/stm32f10x_driver_usart.c: In function '_sys_exit':
../Drivers/Driver_USART/stm32f10x_driver_usart.c:34:1: warning: control reaches end of non-void function [-Wreturn-type]
 }
 ^
Finished building: ../Drivers/Driver_USART/stm32f10x_driver_usart.c
 
Building file: ../Drivers/Driver_Tim/stm32f10x_driver_tim.c
Invoking: Cross ARM C Compiler
arm-none-eabi-gcc -mcpu=cortex-m3 -mthumb -mlittle-endian -Og -fmessage-length=0 -fsigned-char -ffunction-sections -fdata-sections -ffreestanding -fno-move-loop-invariants -Wall -Wextra  -g3 -DSTM32F10X_MD -DUSE_STDPERIPH_DRIVER -I/home/maksyuki/workspace/test/System/System_Battery -I/home/maksyuki/workspace/test/System/System_Led -I/home/maksyuki/workspace/test/System/System_MPU6050 -I/home/maksyuki/workspace/test/System/System_MS5611 -I/home/maksyuki/workspace/test/System/System_NRF24L01 -I/home/maksyuki/workspace/test/System/System_RPData -I/home/maksyuki/workspace/test/Drivers/Driver_Delay -I/home/maksyuki/workspace/test/Drivers/Driver_EEPROM -I/home/maksyuki/workspace/test/Drivers/Driver_Flash -I/home/maksyuki/workspace/test/Drivers/Driver_IIC -I/home/maksyuki/workspace/test/Drivers/Driver_PWM -I/home/maksyuki/workspace/test/Drivers/Driver_SPI -I/home/maksyuki/workspace/test/Drivers/Driver_Sys -I/home/maksyuki/workspace/test/Drivers/Driver_Tim -I/home/maksyuki/workspace/test/Drivers/Driver_USART -I/home/maksyuki/workspace/test/Algorithm/Algorithm_BAR -I/home/maksyuki/workspace/test/Algorithm/Algorithm_Control -I/home/maksyuki/workspace/test/Algorithm/Algorithm_Filter -I/home/maksyuki/workspace/test/Algorithm/Algorithm_IMU -I/home/maksyuki/workspace/test/Libraries/FWLib/inc -I/home/maksyuki/workspace/test/Libraries/CMSIS -I/home/maksyuki/workspace/test/User -std=gnu11 -MMD -MP -MF"Drivers/Driver_Tim/stm32f10x_driver_tim.d" -MT"Drivers/Driver_Tim/stm32f10x_driver_tim.o" -c -o "Drivers/Driver_Tim/stm32f10x_driver_tim.o" "../Drivers/Driver_Tim/stm32f10x_driver_tim.c"
Finished building: ../Drivers/Driver_Tim/stm32f10x_driver_tim.c
 
Building file: ../Drivers/Driver_Sys/stm32f10x_driver_sys.c
Invoking: Cross ARM C Compiler
arm-none-eabi-gcc -mcpu=cortex-m3 -mthumb -mlittle-endian -Og -fmessage-length=0 -fsigned-char -ffunction-sections -fdata-sections -ffreestanding -fno-move-loop-invariants -Wall -Wextra  -g3 -DSTM32F10X_MD -DUSE_STDPERIPH_DRIVER -I/home/maksyuki/workspace/test/System/System_Battery -I/home/maksyuki/workspace/test/System/System_Led -I/home/maksyuki/workspace/test/System/System_MPU6050 -I/home/maksyuki/workspace/test/System/System_MS5611 -I/home/maksyuki/workspace/test/System/System_NRF24L01 -I/home/maksyuki/workspace/test/System/System_RPData -I/home/maksyuki/workspace/test/Drivers/Driver_Delay -I/home/maksyuki/workspace/test/Drivers/Driver_EEPROM -I/home/maksyuki/workspace/test/Drivers/Driver_Flash -I/home/maksyuki/workspace/test/Drivers/Driver_IIC -I/home/maksyuki/workspace/test/Drivers/Driver_PWM -I/home/maksyuki/workspace/test/Drivers/Driver_SPI -I/home/maksyuki/workspace/test/Drivers/Driver_Sys -I/home/maksyuki/workspace/test/Drivers/Driver_Tim -I/home/maksyuki/workspace/test/Drivers/Driver_USART -I/home/maksyuki/workspace/test/Algorithm/Algorithm_BAR -I/home/maksyuki/workspace/test/Algorithm/Algorithm_Control -I/home/maksyuki/workspace/test/Algorithm/Algorithm_Filter -I/home/maksyuki/workspace/test/Algorithm/Algorithm_IMU -I/home/maksyuki/workspace/test/Libraries/FWLib/inc -I/home/maksyuki/workspace/test/Libraries/CMSIS -I/home/maksyuki/workspace/test/User -std=gnu11 -MMD -MP -MF"Drivers/Driver_Sys/stm32f10x_driver_sys.d" -MT"Drivers/Driver_Sys/stm32f10x_driver_sys.o" -c -o "Drivers/Driver_Sys/stm32f10x_driver_sys.o" "../Drivers/Driver_Sys/stm32f10x_driver_sys.c"
Finished building: ../Drivers/Driver_Sys/stm32f10x_driver_sys.c
 
Building file: ../Drivers/Driver_SPI/stm32f10x_driver_spi.c
Invoking: Cross ARM C Compiler
arm-none-eabi-gcc -mcpu=cortex-m3 -mthumb -mlittle-endian -Og -fmessage-length=0 -fsigned-char -ffunction-sections -fdata-sections -ffreestanding -fno-move-loop-invariants -Wall -Wextra  -g3 -DSTM32F10X_MD -DUSE_STDPERIPH_DRIVER -I/home/maksyuki/workspace/test/System/System_Battery -I/home/maksyuki/workspace/test/System/System_Led -I/home/maksyuki/workspace/test/System/System_MPU6050 -I/home/maksyuki/workspace/test/System/System_MS5611 -I/home/maksyuki/workspace/test/System/System_NRF24L01 -I/home/maksyuki/workspace/test/System/System_RPData -I/home/maksyuki/workspace/test/Drivers/Driver_Delay -I/home/maksyuki/workspace/test/Drivers/Driver_EEPROM -I/home/maksyuki/workspace/test/Drivers/Driver_Flash -I/home/maksyuki/workspace/test/Drivers/Driver_IIC -I/home/maksyuki/workspace/test/Drivers/Driver_PWM -I/home/maksyuki/workspace/test/Drivers/Driver_SPI -I/home/maksyuki/workspace/test/Drivers/Driver_Sys -I/home/maksyuki/workspace/test/Drivers/Driver_Tim -I/home/maksyuki/workspace/test/Drivers/Driver_USART -I/home/maksyuki/workspace/test/Algorithm/Algorithm_BAR -I/home/maksyuki/workspace/test/Algorithm/Algorithm_Control -I/home/maksyuki/workspace/test/Algorithm/Algorithm_Filter -I/home/maksyuki/workspace/test/Algorithm/Algorithm_IMU -I/home/maksyuki/workspace/test/Libraries/FWLib/inc -I/home/maksyuki/workspace/test/Libraries/CMSIS -I/home/maksyuki/workspace/test/User -std=gnu11 -MMD -MP -MF"Drivers/Driver_SPI/stm32f10x_driver_spi.d" -MT"Drivers/Driver_SPI/stm32f10x_driver_spi.o" -c -o "Drivers/Driver_SPI/stm32f10x_driver_spi.o" "../Drivers/Driver_SPI/stm32f10x_driver_spi.c"
Finished building: ../Drivers/Driver_SPI/stm32f10x_driver_spi.c
 
Building file: ../Drivers/Driver_PWM/stm32f10x_driver_pwm.c
Invoking: Cross ARM C Compiler
arm-none-eabi-gcc -mcpu=cortex-m3 -mthumb -mlittle-endian -Og -fmessage-length=0 -fsigned-char -ffunction-sections -fdata-sections -ffreestanding -fno-move-loop-invariants -Wall -Wextra  -g3 -DSTM32F10X_MD -DUSE_STDPERIPH_DRIVER -I/home/maksyuki/workspace/test/System/System_Battery -I/home/maksyuki/workspace/test/System/System_Led -I/home/maksyuki/workspace/test/System/System_MPU6050 -I/home/maksyuki/workspace/test/System/System_MS5611 -I/home/maksyuki/workspace/test/System/System_NRF24L01 -I/home/maksyuki/workspace/test/System/System_RPData -I/home/maksyuki/workspace/test/Drivers/Driver_Delay -I/home/maksyuki/workspace/test/Drivers/Driver_EEPROM -I/home/maksyuki/workspace/test/Drivers/Driver_Flash -I/home/maksyuki/workspace/test/Drivers/Driver_IIC -I/home/maksyuki/workspace/test/Drivers/Driver_PWM -I/home/maksyuki/workspace/test/Drivers/Driver_SPI -I/home/maksyuki/workspace/test/Drivers/Driver_Sys -I/home/maksyuki/workspace/test/Drivers/Driver_Tim -I/home/maksyuki/workspace/test/Drivers/Driver_USART -I/home/maksyuki/workspace/test/Algorithm/Algorithm_BAR -I/home/maksyuki/workspace/test/Algorithm/Algorithm_Control -I/home/maksyuki/workspace/test/Algorithm/Algorithm_Filter -I/home/maksyuki/workspace/test/Algorithm/Algorithm_IMU -I/home/maksyuki/workspace/test/Libraries/FWLib/inc -I/home/maksyuki/workspace/test/Libraries/CMSIS -I/home/maksyuki/workspace/test/User -std=gnu11 -MMD -MP -MF"Drivers/Driver_PWM/stm32f10x_driver_pwm.d" -MT"Drivers/Driver_PWM/stm32f10x_driver_pwm.o" -c -o "Drivers/Driver_PWM/stm32f10x_driver_pwm.o" "../Drivers/Driver_PWM/stm32f10x_driver_pwm.c"
Finished building: ../Drivers/Driver_PWM/stm32f10x_driver_pwm.c
 
Building file: ../Drivers/Driver_IIC/stm32f10x_driver_iic.c
Invoking: Cross ARM C Compiler
arm-none-eabi-gcc -mcpu=cortex-m3 -mthumb -mlittle-endian -Og -fmessage-length=0 -fsigned-char -ffunction-sections -fdata-sections -ffreestanding -fno-move-loop-invariants -Wall -Wextra  -g3 -DSTM32F10X_MD -DUSE_STDPERIPH_DRIVER -I/home/maksyuki/workspace/test/System/System_Battery -I/home/maksyuki/workspace/test/System/System_Led -I/home/maksyuki/workspace/test/System/System_MPU6050 -I/home/maksyuki/workspace/test/System/System_MS5611 -I/home/maksyuki/workspace/test/System/System_NRF24L01 -I/home/maksyuki/workspace/test/System/System_RPData -I/home/maksyuki/workspace/test/Drivers/Driver_Delay -I/home/maksyuki/workspace/test/Drivers/Driver_EEPROM -I/home/maksyuki/workspace/test/Drivers/Driver_Flash -I/home/maksyuki/workspace/test/Drivers/Driver_IIC -I/home/maksyuki/workspace/test/Drivers/Driver_PWM -I/home/maksyuki/workspace/test/Drivers/Driver_SPI -I/home/maksyuki/workspace/test/Drivers/Driver_Sys -I/home/maksyuki/workspace/test/Drivers/Driver_Tim -I/home/maksyuki/workspace/test/Drivers/Driver_USART -I/home/maksyuki/workspace/test/Algorithm/Algorithm_BAR -I/home/maksyuki/workspace/test/Algorithm/Algorithm_Control -I/home/maksyuki/workspace/test/Algorithm/Algorithm_Filter -I/home/maksyuki/workspace/test/Algorithm/Algorithm_IMU -I/home/maksyuki/workspace/test/Libraries/FWLib/inc -I/home/maksyuki/workspace/test/Libraries/CMSIS -I/home/maksyuki/workspace/test/User -std=gnu11 -MMD -MP -MF"Drivers/Driver_IIC/stm32f10x_driver_iic.d" -MT"Drivers/Driver_IIC/stm32f10x_driver_iic.o" -c -o "Drivers/Driver_IIC/stm32f10x_driver_iic.o" "../Drivers/Driver_IIC/stm32f10x_driver_iic.c"
Finished building: ../Drivers/Driver_IIC/stm32f10x_driver_iic.c
 
Building file: ../Drivers/Driver_Flash/stm32f10x_driver_flash.c
Invoking: Cross ARM C Compiler
arm-none-eabi-gcc -mcpu=cortex-m3 -mthumb -mlittle-endian -Og -fmessage-length=0 -fsigned-char -ffunction-sections -fdata-sections -ffreestanding -fno-move-loop-invariants -Wall -Wextra  -g3 -DSTM32F10X_MD -DUSE_STDPERIPH_DRIVER -I/home/maksyuki/workspace/test/System/System_Battery -I/home/maksyuki/workspace/test/System/System_Led -I/home/maksyuki/workspace/test/System/System_MPU6050 -I/home/maksyuki/workspace/test/System/System_MS5611 -I/home/maksyuki/workspace/test/System/System_NRF24L01 -I/home/maksyuki/workspace/test/System/System_RPData -I/home/maksyuki/workspace/test/Drivers/Driver_Delay -I/home/maksyuki/workspace/test/Drivers/Driver_EEPROM -I/home/maksyuki/workspace/test/Drivers/Driver_Flash -I/home/maksyuki/workspace/test/Drivers/Driver_IIC -I/home/maksyuki/workspace/test/Drivers/Driver_PWM -I/home/maksyuki/workspace/test/Drivers/Driver_SPI -I/home/maksyuki/workspace/test/Drivers/Driver_Sys -I/home/maksyuki/workspace/test/Drivers/Driver_Tim -I/home/maksyuki/workspace/test/Drivers/Driver_USART -I/home/maksyuki/workspace/test/Algorithm/Algorithm_BAR -I/home/maksyuki/workspace/test/Algorithm/Algorithm_Control -I/home/maksyuki/workspace/test/Algorithm/Algorithm_Filter -I/home/maksyuki/workspace/test/Algorithm/Algorithm_IMU -I/home/maksyuki/workspace/test/Libraries/FWLib/inc -I/home/maksyuki/workspace/test/Libraries/CMSIS -I/home/maksyuki/workspace/test/User -std=gnu11 -MMD -MP -MF"Drivers/Driver_Flash/stm32f10x_driver_flash.d" -MT"Drivers/Driver_Flash/stm32f10x_driver_flash.o" -c -o "Drivers/Driver_Flash/stm32f10x_driver_flash.o" "../Drivers/Driver_Flash/stm32f10x_driver_flash.c"
Finished building: ../Drivers/Driver_Flash/stm32f10x_driver_flash.c
 
Building file: ../Drivers/Driver_EEPROM/stm32f10x_driver_eeprom.c
Invoking: Cross ARM C Compiler
arm-none-eabi-gcc -mcpu=cortex-m3 -mthumb -mlittle-endian -Og -fmessage-length=0 -fsigned-char -ffunction-sections -fdata-sections -ffreestanding -fno-move-loop-invariants -Wall -Wextra  -g3 -DSTM32F10X_MD -DUSE_STDPERIPH_DRIVER -I/home/maksyuki/workspace/test/System/System_Battery -I/home/maksyuki/workspace/test/System/System_Led -I/home/maksyuki/workspace/test/System/System_MPU6050 -I/home/maksyuki/workspace/test/System/System_MS5611 -I/home/maksyuki/workspace/test/System/System_NRF24L01 -I/home/maksyuki/workspace/test/System/System_RPData -I/home/maksyuki/workspace/test/Drivers/Driver_Delay -I/home/maksyuki/workspace/test/Drivers/Driver_EEPROM -I/home/maksyuki/workspace/test/Drivers/Driver_Flash -I/home/maksyuki/workspace/test/Drivers/Driver_IIC -I/home/maksyuki/workspace/test/Drivers/Driver_PWM -I/home/maksyuki/workspace/test/Drivers/Driver_SPI -I/home/maksyuki/workspace/test/Drivers/Driver_Sys -I/home/maksyuki/workspace/test/Drivers/Driver_Tim -I/home/maksyuki/workspace/test/Drivers/Driver_USART -I/home/maksyuki/workspace/test/Algorithm/Algorithm_BAR -I/home/maksyuki/workspace/test/Algorithm/Algorithm_Control -I/home/maksyuki/workspace/test/Algorithm/Algorithm_Filter -I/home/maksyuki/workspace/test/Algorithm/Algorithm_IMU -I/home/maksyuki/workspace/test/Libraries/FWLib/inc -I/home/maksyuki/workspace/test/Libraries/CMSIS -I/home/maksyuki/workspace/test/User -std=gnu11 -MMD -MP -MF"Drivers/Driver_EEPROM/stm32f10x_driver_eeprom.d" -MT"Drivers/Driver_EEPROM/stm32f10x_driver_eeprom.o" -c -o "Drivers/Driver_EEPROM/stm32f10x_driver_eeprom.o" "../Drivers/Driver_EEPROM/stm32f10x_driver_eeprom.c"
In file included from ../Drivers/Driver_EEPROM/stm32f10x_driver_eeprom.c:4:0:
/home/maksyuki/workspace/test/Algorithm/Algorithm_IMU/stm32f10x_algorithm_imu.h:84:13: warning: 'EularToDCM' declared 'static' but never defined [-Wunused-function]
 static void EularToDCM(float DCM[3][3], float pitch, float yaw, float roll);
             ^
/home/maksyuki/workspace/test/Algorithm/Algorithm_IMU/stm32f10x_algorithm_imu.h:85:14: warning: 'InvSqrt' declared 'static' but never defined [-Wunused-function]
 static float InvSqrt(float num);
              ^
/home/maksyuki/workspace/test/Algorithm/Algorithm_IMU/stm32f10x_algorithm_imu.h:87:13: warning: 'NonLinearSO3AHRSInit' declared 'static' but never defined [-Wunused-function]
 static void NonLinearSO3AHRSInit(float ax, float ay, float az, float mx, float my, float mz);
             ^
/home/maksyuki/workspace/test/Algorithm/Algorithm_IMU/stm32f10x_algorithm_imu.h:88:13: warning: 'NonLinearSO3AHRSUpDate' declared 'static' but never defined [-Wunused-function]
 static void NonLinearSO3AHRSUpDate(float gx, float gy, float gz, float ax, float ay, float az, float mx, float my, float mz, float twokp, float twopi, float dt);
             ^
In file included from ../Drivers/Driver_EEPROM/stm32f10x_driver_eeprom.c:5:0:
/home/maksyuki/workspace/test/Algorithm/Algorithm_Control/stm32f10x_algorithm_control.h:101:13: warning: 'PID_PostionCal' declared 'static' but never defined [-Wunused-function]
 static void PID_PostionCal(PID_Typedef * PID, float target, float measure, int32_t dertT);
             ^
Finished building: ../Drivers/Driver_EEPROM/stm32f10x_driver_eeprom.c
 
Building file: ../Drivers/Driver_Delay/stm32f10x_driver_delay.c
Invoking: Cross ARM C Compiler
arm-none-eabi-gcc -mcpu=cortex-m3 -mthumb -mlittle-endian -Og -fmessage-length=0 -fsigned-char -ffunction-sections -fdata-sections -ffreestanding -fno-move-loop-invariants -Wall -Wextra  -g3 -DSTM32F10X_MD -DUSE_STDPERIPH_DRIVER -I/home/maksyuki/workspace/test/System/System_Battery -I/home/maksyuki/workspace/test/System/System_Led -I/home/maksyuki/workspace/test/System/System_MPU6050 -I/home/maksyuki/workspace/test/System/System_MS5611 -I/home/maksyuki/workspace/test/System/System_NRF24L01 -I/home/maksyuki/workspace/test/System/System_RPData -I/home/maksyuki/workspace/test/Drivers/Driver_Delay -I/home/maksyuki/workspace/test/Drivers/Driver_EEPROM -I/home/maksyuki/workspace/test/Drivers/Driver_Flash -I/home/maksyuki/workspace/test/Drivers/Driver_IIC -I/home/maksyuki/workspace/test/Drivers/Driver_PWM -I/home/maksyuki/workspace/test/Drivers/Driver_SPI -I/home/maksyuki/workspace/test/Drivers/Driver_Sys -I/home/maksyuki/workspace/test/Drivers/Driver_Tim -I/home/maksyuki/workspace/test/Drivers/Driver_USART -I/home/maksyuki/workspace/test/Algorithm/Algorithm_BAR -I/home/maksyuki/workspace/test/Algorithm/Algorithm_Control -I/home/maksyuki/workspace/test/Algorithm/Algorithm_Filter -I/home/maksyuki/workspace/test/Algorithm/Algorithm_IMU -I/home/maksyuki/workspace/test/Libraries/FWLib/inc -I/home/maksyuki/workspace/test/Libraries/CMSIS -I/home/maksyuki/workspace/test/User -std=gnu11 -MMD -MP -MF"Drivers/Driver_Delay/stm32f10x_driver_delay.d" -MT"Drivers/Driver_Delay/stm32f10x_driver_delay.o" -c -o "Drivers/Driver_Delay/stm32f10x_driver_delay.o" "../Drivers/Driver_Delay/stm32f10x_driver_delay.c"
Finished building: ../Drivers/Driver_Delay/stm32f10x_driver_delay.c
 
Building file: ../Algorithm/Algorithm_IMU/stm32f10x_algorithm_imu.c
Invoking: Cross ARM C Compiler
arm-none-eabi-gcc -mcpu=cortex-m3 -mthumb -mlittle-endian -Og -fmessage-length=0 -fsigned-char -ffunction-sections -fdata-sections -ffreestanding -fno-move-loop-invariants -Wall -Wextra  -g3 -DSTM32F10X_MD -DUSE_STDPERIPH_DRIVER -I/home/maksyuki/workspace/test/System/System_Battery -I/home/maksyuki/workspace/test/System/System_Led -I/home/maksyuki/workspace/test/System/System_MPU6050 -I/home/maksyuki/workspace/test/System/System_MS5611 -I/home/maksyuki/workspace/test/System/System_NRF24L01 -I/home/maksyuki/workspace/test/System/System_RPData -I/home/maksyuki/workspace/test/Drivers/Driver_Delay -I/home/maksyuki/workspace/test/Drivers/Driver_EEPROM -I/home/maksyuki/workspace/test/Drivers/Driver_Flash -I/home/maksyuki/workspace/test/Drivers/Driver_IIC -I/home/maksyuki/workspace/test/Drivers/Driver_PWM -I/home/maksyuki/workspace/test/Drivers/Driver_SPI -I/home/maksyuki/workspace/test/Drivers/Driver_Sys -I/home/maksyuki/workspace/test/Drivers/Driver_Tim -I/home/maksyuki/workspace/test/Drivers/Driver_USART -I/home/maksyuki/workspace/test/Algorithm/Algorithm_BAR -I/home/maksyuki/workspace/test/Algorithm/Algorithm_Control -I/home/maksyuki/workspace/test/Algorithm/Algorithm_Filter -I/home/maksyuki/workspace/test/Algorithm/Algorithm_IMU -I/home/maksyuki/workspace/test/Libraries/FWLib/inc -I/home/maksyuki/workspace/test/Libraries/CMSIS -I/home/maksyuki/workspace/test/User -std=gnu11 -MMD -MP -MF"Algorithm/Algorithm_IMU/stm32f10x_algorithm_imu.d" -MT"Algorithm/Algorithm_IMU/stm32f10x_algorithm_imu.o" -c -o "Algorithm/Algorithm_IMU/stm32f10x_algorithm_imu.o" "../Algorithm/Algorithm_IMU/stm32f10x_algorithm_imu.c"
../Algorithm/Algorithm_IMU/stm32f10x_algorithm_imu.c:136:13: warning: 'EularToDCM' defined but not used [-Wunused-function]
 static void EularToDCM(float DCM[3][3], float pitch, float yaw, float roll)
             ^
In file included from ../Algorithm/Algorithm_IMU/stm32f10x_algorithm_imu.c:2:0:
../Algorithm/Algorithm_IMU/stm32f10x_algorithm_imu.h:88:13: warning: 'NonLinearSO3AHRSUpDate' declared 'static' but never defined [-Wunused-function]
 static void NonLinearSO3AHRSUpDate(float gx, float gy, float gz, float ax, float ay, float az, float mx, float my, float mz, float twokp, float twopi, float dt);
             ^
Finished building: ../Algorithm/Algorithm_IMU/stm32f10x_algorithm_imu.c
 
Building file: ../Algorithm/Algorithm_Filter/stm32f10x_algorithm_filter.c
Invoking: Cross ARM C Compiler
arm-none-eabi-gcc -mcpu=cortex-m3 -mthumb -mlittle-endian -Og -fmessage-length=0 -fsigned-char -ffunction-sections -fdata-sections -ffreestanding -fno-move-loop-invariants -Wall -Wextra  -g3 -DSTM32F10X_MD -DUSE_STDPERIPH_DRIVER -I/home/maksyuki/workspace/test/System/System_Battery -I/home/maksyuki/workspace/test/System/System_Led -I/home/maksyuki/workspace/test/System/System_MPU6050 -I/home/maksyuki/workspace/test/System/System_MS5611 -I/home/maksyuki/workspace/test/System/System_NRF24L01 -I/home/maksyuki/workspace/test/System/System_RPData -I/home/maksyuki/workspace/test/Drivers/Driver_Delay -I/home/maksyuki/workspace/test/Drivers/Driver_EEPROM -I/home/maksyuki/workspace/test/Drivers/Driver_Flash -I/home/maksyuki/workspace/test/Drivers/Driver_IIC -I/home/maksyuki/workspace/test/Drivers/Driver_PWM -I/home/maksyuki/workspace/test/Drivers/Driver_SPI -I/home/maksyuki/workspace/test/Drivers/Driver_Sys -I/home/maksyuki/workspace/test/Drivers/Driver_Tim -I/home/maksyuki/workspace/test/Drivers/Driver_USART -I/home/maksyuki/workspace/test/Algorithm/Algorithm_BAR -I/home/maksyuki/workspace/test/Algorithm/Algorithm_Control -I/home/maksyuki/workspace/test/Algorithm/Algorithm_Filter -I/home/maksyuki/workspace/test/Algorithm/Algorithm_IMU -I/home/maksyuki/workspace/test/Libraries/FWLib/inc -I/home/maksyuki/workspace/test/Libraries/CMSIS -I/home/maksyuki/workspace/test/User -std=gnu11 -MMD -MP -MF"Algorithm/Algorithm_Filter/stm32f10x_algorithm_filter.d" -MT"Algorithm/Algorithm_Filter/stm32f10x_algorithm_filter.o" -c -o "Algorithm/Algorithm_Filter/stm32f10x_algorithm_filter.o" "../Algorithm/Algorithm_Filter/stm32f10x_algorithm_filter.c"
In file included from ../Algorithm/Algorithm_Filter/stm32f10x_algorithm_filter.c:1:0:
/home/maksyuki/workspace/test/Algorithm/Algorithm_IMU/stm32f10x_algorithm_imu.h:84:13: warning: 'EularToDCM' declared 'static' but never defined [-Wunused-function]
 static void EularToDCM(float DCM[3][3], float pitch, float yaw, float roll);
             ^
/home/maksyuki/workspace/test/Algorithm/Algorithm_IMU/stm32f10x_algorithm_imu.h:85:14: warning: 'InvSqrt' declared 'static' but never defined [-Wunused-function]
 static float InvSqrt(float num);
              ^
/home/maksyuki/workspace/test/Algorithm/Algorithm_IMU/stm32f10x_algorithm_imu.h:87:13: warning: 'NonLinearSO3AHRSInit' declared 'static' but never defined [-Wunused-function]
 static void NonLinearSO3AHRSInit(float ax, float ay, float az, float mx, float my, float mz);
             ^
/home/maksyuki/workspace/test/Algorithm/Algorithm_IMU/stm32f10x_algorithm_imu.h:88:13: warning: 'NonLinearSO3AHRSUpDate' declared 'static' but never defined [-Wunused-function]
 static void NonLinearSO3AHRSUpDate(float gx, float gy, float gz, float ax, float ay, float az, float mx, float my, float mz, float twokp, float twopi, float dt);
             ^
Finished building: ../Algorithm/Algorithm_Filter/stm32f10x_algorithm_filter.c
 
Building file: ../Algorithm/Algorithm_Control/stm32f10x_algorithm_control.c
Invoking: Cross ARM C Compiler
arm-none-eabi-gcc -mcpu=cortex-m3 -mthumb -mlittle-endian -Og -fmessage-length=0 -fsigned-char -ffunction-sections -fdata-sections -ffreestanding -fno-move-loop-invariants -Wall -Wextra  -g3 -DSTM32F10X_MD -DUSE_STDPERIPH_DRIVER -I/home/maksyuki/workspace/test/System/System_Battery -I/home/maksyuki/workspace/test/System/System_Led -I/home/maksyuki/workspace/test/System/System_MPU6050 -I/home/maksyuki/workspace/test/System/System_MS5611 -I/home/maksyuki/workspace/test/System/System_NRF24L01 -I/home/maksyuki/workspace/test/System/System_RPData -I/home/maksyuki/workspace/test/Drivers/Driver_Delay -I/home/maksyuki/workspace/test/Drivers/Driver_EEPROM -I/home/maksyuki/workspace/test/Drivers/Driver_Flash -I/home/maksyuki/workspace/test/Drivers/Driver_IIC -I/home/maksyuki/workspace/test/Drivers/Driver_PWM -I/home/maksyuki/workspace/test/Drivers/Driver_SPI -I/home/maksyuki/workspace/test/Drivers/Driver_Sys -I/home/maksyuki/workspace/test/Drivers/Driver_Tim -I/home/maksyuki/workspace/test/Drivers/Driver_USART -I/home/maksyuki/workspace/test/Algorithm/Algorithm_BAR -I/home/maksyuki/workspace/test/Algorithm/Algorithm_Control -I/home/maksyuki/workspace/test/Algorithm/Algorithm_Filter -I/home/maksyuki/workspace/test/Algorithm/Algorithm_IMU -I/home/maksyuki/workspace/test/Libraries/FWLib/inc -I/home/maksyuki/workspace/test/Libraries/CMSIS -I/home/maksyuki/workspace/test/User -std=gnu11 -MMD -MP -MF"Algorithm/Algorithm_Control/stm32f10x_algorithm_control.d" -MT"Algorithm/Algorithm_Control/stm32f10x_algorithm_control.o" -c -o "Algorithm/Algorithm_Control/stm32f10x_algorithm_control.o" "../Algorithm/Algorithm_Control/stm32f10x_algorithm_control.c"
In file included from ../Algorithm/Algorithm_Control/stm32f10x_algorithm_control.c:4:0:
/home/maksyuki/workspace/test/Algorithm/Algorithm_IMU/stm32f10x_algorithm_imu.h:84:13: warning: 'EularToDCM' declared 'static' but never defined [-Wunused-function]
 static void EularToDCM(float DCM[3][3], float pitch, float yaw, float roll);
             ^
/home/maksyuki/workspace/test/Algorithm/Algorithm_IMU/stm32f10x_algorithm_imu.h:85:14: warning: 'InvSqrt' declared 'static' but never defined [-Wunused-function]
 static float InvSqrt(float num);
              ^
/home/maksyuki/workspace/test/Algorithm/Algorithm_IMU/stm32f10x_algorithm_imu.h:87:13: warning: 'NonLinearSO3AHRSInit' declared 'static' but never defined [-Wunused-function]
 static void NonLinearSO3AHRSInit(float ax, float ay, float az, float mx, float my, float mz);
             ^
/home/maksyuki/workspace/test/Algorithm/Algorithm_IMU/stm32f10x_algorithm_imu.h:88:13: warning: 'NonLinearSO3AHRSUpDate' declared 'static' but never defined [-Wunused-function]
 static void NonLinearSO3AHRSUpDate(float gx, float gy, float gz, float ax, float ay, float az, float mx, float my, float mz, float twokp, float twopi, float dt);
             ^
In file included from ../Algorithm/Algorithm_Control/stm32f10x_algorithm_control.c:5:0:
/home/maksyuki/workspace/test/Algorithm/Algorithm_BAR/stm32f10x_algorithm_bar.h:27:13: warning: 'Intertial_Filter_Predict' declared 'static' but never defined [-Wunused-function]
 static void Intertial_Filter_Predict(float dt, float x[3]);
             ^
/home/maksyuki/workspace/test/Algorithm/Algorithm_BAR/stm32f10x_algorithm_bar.h:28:13: warning: 'Intertial_Filter_Corrent' declared 'static' but never defined [-Wunused-function]
 static void Intertial_Filter_Corrent(float e, float dt, float x[3], int i, float w);
             ^
Finished building: ../Algorithm/Algorithm_Control/stm32f10x_algorithm_control.c
 
Building file: ../Algorithm/Algorithm_BAR/stm32f10x_algorithm_bar.c
Invoking: Cross ARM C Compiler
arm-none-eabi-gcc -mcpu=cortex-m3 -mthumb -mlittle-endian -Og -fmessage-length=0 -fsigned-char -ffunction-sections -fdata-sections -ffreestanding -fno-move-loop-invariants -Wall -Wextra  -g3 -DSTM32F10X_MD -DUSE_STDPERIPH_DRIVER -I/home/maksyuki/workspace/test/System/System_Battery -I/home/maksyuki/workspace/test/System/System_Led -I/home/maksyuki/workspace/test/System/System_MPU6050 -I/home/maksyuki/workspace/test/System/System_MS5611 -I/home/maksyuki/workspace/test/System/System_NRF24L01 -I/home/maksyuki/workspace/test/System/System_RPData -I/home/maksyuki/workspace/test/Drivers/Driver_Delay -I/home/maksyuki/workspace/test/Drivers/Driver_EEPROM -I/home/maksyuki/workspace/test/Drivers/Driver_Flash -I/home/maksyuki/workspace/test/Drivers/Driver_IIC -I/home/maksyuki/workspace/test/Drivers/Driver_PWM -I/home/maksyuki/workspace/test/Drivers/Driver_SPI -I/home/maksyuki/workspace/test/Drivers/Driver_Sys -I/home/maksyuki/workspace/test/Drivers/Driver_Tim -I/home/maksyuki/workspace/test/Drivers/Driver_USART -I/home/maksyuki/workspace/test/Algorithm/Algorithm_BAR -I/home/maksyuki/workspace/test/Algorithm/Algorithm_Control -I/home/maksyuki/workspace/test/Algorithm/Algorithm_Filter -I/home/maksyuki/workspace/test/Algorithm/Algorithm_IMU -I/home/maksyuki/workspace/test/Libraries/FWLib/inc -I/home/maksyuki/workspace/test/Libraries/CMSIS -I/home/maksyuki/workspace/test/User -std=gnu11 -MMD -MP -MF"Algorithm/Algorithm_BAR/stm32f10x_algorithm_bar.d" -MT"Algorithm/Algorithm_BAR/stm32f10x_algorithm_bar.o" -c -o "Algorithm/Algorithm_BAR/stm32f10x_algorithm_bar.o" "../Algorithm/Algorithm_BAR/stm32f10x_algorithm_bar.c"
In file included from ../Algorithm/Algorithm_BAR/stm32f10x_algorithm_bar.c:2:0:
../Algorithm/Algorithm_BAR/stm32f10x_algorithm_bar.h:27:13: warning: 'Intertial_Filter_Predict' declared 'static' but never defined [-Wunused-function]
 static void Intertial_Filter_Predict(float dt, float x[3]);
             ^
../Algorithm/Algorithm_BAR/stm32f10x_algorithm_bar.h:28:13: warning: 'Intertial_Filter_Corrent' declared 'static' but never defined [-Wunused-function]
 static void Intertial_Filter_Corrent(float e, float dt, float x[3], int i, float w);
             ^
In file included from ../Algorithm/Algorithm_BAR/stm32f10x_algorithm_bar.c:3:0:
/home/maksyuki/workspace/test/Algorithm/Algorithm_IMU/stm32f10x_algorithm_imu.h:84:13: warning: 'EularToDCM' declared 'static' but never defined [-Wunused-function]
 static void EularToDCM(float DCM[3][3], float pitch, float yaw, float roll);
             ^
/home/maksyuki/workspace/test/Algorithm/Algorithm_IMU/stm32f10x_algorithm_imu.h:85:14: warning: 'InvSqrt' declared 'static' but never defined [-Wunused-function]
 static float InvSqrt(float num);
              ^
/home/maksyuki/workspace/test/Algorithm/Algorithm_IMU/stm32f10x_algorithm_imu.h:87:13: warning: 'NonLinearSO3AHRSInit' declared 'static' but never defined [-Wunused-function]
 static void NonLinearSO3AHRSInit(float ax, float ay, float az, float mx, float my, float mz);
             ^
/home/maksyuki/workspace/test/Algorithm/Algorithm_IMU/stm32f10x_algorithm_imu.h:88:13: warning: 'NonLinearSO3AHRSUpDate' declared 'static' but never defined [-Wunused-function]
 static void NonLinearSO3AHRSUpDate(float gx, float gy, float gz, float ax, float ay, float az, float mx, float my, float mz, float twokp, float twopi, float dt);
             ^
Finished building: ../Algorithm/Algorithm_BAR/stm32f10x_algorithm_bar.c
 
Building target: test.elf
Invoking: Cross ARM C++ Linker
arm-none-eabi-g++ -mcpu=cortex-m3 -mthumb -mlittle-endian -Og -fmessage-length=0 -fsigned-char -ffunction-sections -fdata-sections -ffreestanding -fno-move-loop-invariants -Wall -Wextra  -g3 -T mem.ld -T libs.ld -T sections.ld -nostartfiles -Xlinker --gc-sections -L"../ldscripts" -Wl,-Map,"test.map" -o "test.elf"  ./User/main.o ./User/stm32f10x_it.o  ./System/System_RPData/stm32f10x_system_rpdata.o  ./System/System_NRF24L01/stm32f10x_system_nrf24l01.o  ./System/System_MS5611/stm32f10x_system_ms5611.o  ./System/System_MPU6050/stm32f10x_system_mpu6050.o  ./System/System_Led/stm32f10x_system_led.o  ./System/System_Battery/stm32f10x_system_battery.o  ./Libraries/FWLib/src/misc.o ./Libraries/FWLib/src/stm32f10x_adc.o ./Libraries/FWLib/src/stm32f10x_bkp.o ./Libraries/FWLib/src/stm32f10x_can.o ./Libraries/FWLib/src/stm32f10x_cec.o ./Libraries/FWLib/src/stm32f10x_crc.o ./Libraries/FWLib/src/stm32f10x_dac.o ./Libraries/FWLib/src/stm32f10x_dbgmcu.o ./Libraries/FWLib/src/stm32f10x_dma.o ./Libraries/FWLib/src/stm32f10x_exti.o ./Libraries/FWLib/src/stm32f10x_flash.o ./Libraries/FWLib/src/stm32f10x_fsmc.o ./Libraries/FWLib/src/stm32f10x_gpio.o ./Libraries/FWLib/src/stm32f10x_i2c.o ./Libraries/FWLib/src/stm32f10x_iwdg.o ./Libraries/FWLib/src/stm32f10x_pwr.o ./Libraries/FWLib/src/stm32f10x_rcc.o ./Libraries/FWLib/src/stm32f10x_rtc.o ./Libraries/FWLib/src/stm32f10x_sdio.o ./Libraries/FWLib/src/stm32f10x_spi.o ./Libraries/FWLib/src/stm32f10x_tim.o ./Libraries/FWLib/src/stm32f10x_usart.o ./Libraries/FWLib/src/stm32f10x_wwdg.o  ./Libraries/CMSIS/core_cm3.o ./Libraries/CMSIS/system_stm32f10x.o  ./Drivers/Driver_USART/stm32f10x_driver_usart.o  ./Drivers/Driver_Tim/stm32f10x_driver_tim.o  ./Drivers/Driver_Sys/stm32f10x_driver_sys.o  ./Drivers/Driver_SPI/stm32f10x_driver_spi.o  ./Drivers/Driver_PWM/stm32f10x_driver_pwm.o  ./Drivers/Driver_IIC/stm32f10x_driver_iic.o  ./Drivers/Driver_Flash/stm32f10x_driver_flash.o  ./Drivers/Driver_EEPROM/stm32f10x_driver_eeprom.o  ./Drivers/Driver_Delay/stm32f10x_driver_delay.o  ./Algorithm/Algorithm_IMU/stm32f10x_algorithm_imu.o  ./Algorithm/Algorithm_Filter/stm32f10x_algorithm_filter.o  ./Algorithm/Algorithm_Control/stm32f10x_algorithm_control.o  ./Algorithm/Algorithm_BAR/stm32f10x_algorithm_bar.o   
/opt/gcc-arm-none-eabi-5_4-2016q2/bin/../lib/gcc/arm-none-eabi/5.4.1/../../../../arm-none-eabi/bin/ld: warning: cannot find entry symbol _start; defaulting to 08000028
Finished building target: test.elf
 
Invoking: Cross ARM GNU Create Flash Image
arm-none-eabi-objcopy -O ihex "test.elf"  "test.hex"
Finished building: test.hex
 
Invoking: Cross ARM GNU Print Size
arm-none-eabi-size --format=berkeley "test.elf"
   text	   data	    bss	    dec	    hex	filename
      0	     40	    256	    296	    128	test.elf
Finished building: test.siz
 

21:55:45 Build Finished (took 7s.15ms)

